00:03:19 **** Incremental Build of configuration Debug for project Practica3 ****
make -j8 all 
arm-none-eabi-gcc "../Core/Src/main.c" -mcpu=cortex-m4 -std=gnu11 -g3 -DDEBUG -DUSE_HAL_DRIVER -DSTM32F413xx -c -I../Core/Inc -I../Drivers/STM32F4xx_HAL_Driver/Inc -I../Drivers/STM32F4xx_HAL_Driver/Inc/Legacy -I../Drivers/CMSIS/Device/ST/STM32F4xx/Include -I../Drivers/CMSIS/Include -I"/home/ceo/STM32Cube/PdM_ceo_workspace/Practica3/Drivers/BSP/STM32F4xx_Nucleo_144" -I"/home/ceo/STM32Cube/PdM_ceo_workspace/Practica3/Drivers/BSP/STM32F4xx_Nucleo_144/_htmresc" -I"/home/ceo/STM32Cube/PdM_ceo_workspace/Practica3/Drivers/API/Inc" -I"/home/ceo/STM32Cube/PdM_ceo_workspace/Practica3/Drivers/API/Src" -O0 -ffunction-sections -fdata-sections -Wall -fstack-usage -fcyclomatic-complexity -MMD -MP -MF"Core/Src/main.d" -MT"Core/Src/main.o" --specs=nano.specs -mfpu=fpv4-sp-d16 -mfloat-abi=hard -mthumb -o "Core/Src/main.o"
arm-none-eabi-gcc -o "Practica3.elf" @"objects.list"   -mcpu=cortex-m4 -T"/home/ceo/STM32Cube/PdM_ceo_workspace/Practica3/STM32F413ZHTX_FLASH.ld" --specs=nosys.specs -Wl,-Map="Practica3.map" -Wl,--gc-sections -static --specs=nano.specs -mfpu=fpv4-sp-d16 -mfloat-abi=hard -mthumb -Wl,--start-group -lc -lm -Wl,--end-group
Finished building target: Practica3.elf
 
arm-none-eabi-size   Practica3.elf 
arm-none-eabi-objdump -h -S  Practica3.elf  > "Practica3.list"
   text	   data	    bss	    dec	    hex	filename
  12156	     36	   2972	  15164	   3b3c	Practica3.elf
Finished building: default.size.stdout
 
Finished building: Practica3.list
 

00:03:19 Build Finished. 0 errors, 0 warnings. (took 428ms)

